/home/santi/mushroom_farm_ws/install/fc_core/lib/python3.12/site-packages/fc_core/fc_display.py
/home/santi/mushroom_farm_ws/install/fc_core/lib/python3.12/site-packages/fc_core/fc_controller.py
/home/santi/mushroom_farm_ws/install/fc_core/lib/python3.12/site-packages/fc_core/fc_telemetry.py
/home/santi/mushroom_farm_ws/install/fc_core/lib/python3.12/site-packages/fc_core/__init__.py
/home/santi/mushroom_farm_ws/install/fc_core/lib/python3.12/site-packages/fc_core/fc_sensors.py
/home/santi/mushroom_farm_ws/install/fc_core/lib/python3.12/site-packages/fc_core/__pycache__/fc_display.cpython-312.pyc
/home/santi/mushroom_farm_ws/install/fc_core/lib/python3.12/site-packages/fc_core/__pycache__/fc_controller.cpython-312.pyc
/home/santi/mushroom_farm_ws/install/fc_core/lib/python3.12/site-packages/fc_core/__pycache__/fc_telemetry.cpython-312.pyc
/home/santi/mushroom_farm_ws/install/fc_core/lib/python3.12/site-packages/fc_core/__pycache__/__init__.cpython-312.pyc
/home/santi/mushroom_farm_ws/install/fc_core/lib/python3.12/site-packages/fc_core/__pycache__/fc_sensors.cpython-312.pyc
/home/santi/mushroom_farm_ws/install/fc_core/share/ament_index/resource_index/packages/fc_core
/home/santi/mushroom_farm_ws/install/fc_core/share/fc_core/package.xml
/home/santi/mushroom_farm_ws/install/fc_core/share/fc_core/launch/fc.launch.py
/home/santi/mushroom_farm_ws/install/fc_core/share/fc_core/config/fc_config.yaml
/home/santi/mushroom_farm_ws/install/fc_core/lib/python3.12/site-packages/fc_core-0.0.1-py3.12.egg-info/entry_points.txt
/home/santi/mushroom_farm_ws/install/fc_core/lib/python3.12/site-packages/fc_core-0.0.1-py3.12.egg-info/zip-safe
/home/santi/mushroom_farm_ws/install/fc_core/lib/python3.12/site-packages/fc_core-0.0.1-py3.12.egg-info/PKG-INFO
/home/santi/mushroom_farm_ws/install/fc_core/lib/python3.12/site-packages/fc_core-0.0.1-py3.12.egg-info/requires.txt
/home/santi/mushroom_farm_ws/install/fc_core/lib/python3.12/site-packages/fc_core-0.0.1-py3.12.egg-info/top_level.txt
/home/santi/mushroom_farm_ws/install/fc_core/lib/python3.12/site-packages/fc_core-0.0.1-py3.12.egg-info/SOURCES.txt
/home/santi/mushroom_farm_ws/install/fc_core/lib/python3.12/site-packages/fc_core-0.0.1-py3.12.egg-info/dependency_links.txt
/home/santi/mushroom_farm_ws/install/fc_core/bin/fc_controller
/home/santi/mushroom_farm_ws/install/fc_core/bin/fc_display
/home/santi/mushroom_farm_ws/install/fc_core/bin/fc_sensors
/home/santi/mushroom_farm_ws/install/fc_core/bin/fc_telemetry
