[0.365s] Invoking command in '/home/santi/mushroom_farm_ws/src/chambers/fc-core': PYTHONPATH=/home/santi/mushroom_farm_ws/build/fc_core/prefix_override:/usr/lib/python3/dist-packages/colcon_core/task/python/colcon_distutils_commands:/home/santi/mushroom_farm_ws/install/fc_core/lib/python3.12/site-packages:${PYTHONPATH} /usr/bin/python3 -W ignore:setup.py install is deprecated -W ignore:easy_install command is deprecated setup.py egg_info --egg-base ../../../build/fc_core build --build-base /home/santi/mushroom_farm_ws/build/fc_core/build install --record /home/santi/mushroom_farm_ws/build/fc_core/install.log --single-version-externally-managed install_data
[0.485s] running egg_info
[0.491s] writing ../../../build/fc_core/fc_core.egg-info/PKG-INFO
[0.491s] writing dependency_links to ../../../build/fc_core/fc_core.egg-info/dependency_links.txt
[0.491s] writing entry points to ../../../build/fc_core/fc_core.egg-info/entry_points.txt
[0.492s] writing requirements to ../../../build/fc_core/fc_core.egg-info/requires.txt
[0.492s] writing top-level names to ../../../build/fc_core/fc_core.egg-info/top_level.txt
[0.504s] reading manifest file '../../../build/fc_core/fc_core.egg-info/SOURCES.txt'
[0.504s] writing manifest file '../../../build/fc_core/fc_core.egg-info/SOURCES.txt'
[0.504s] running build
[0.505s] running build_py
[0.505s] running install
[0.508s] running install_lib
[0.515s] running install_data
[0.515s] running install_egg_info
[0.522s] removing '/home/santi/mushroom_farm_ws/install/fc_core/lib/python3.12/site-packages/fc_core-0.0.1-py3.12.egg-info' (and everything under it)
[0.522s] Copying ../../../build/fc_core/fc_core.egg-info to /home/santi/mushroom_farm_ws/install/fc_core/lib/python3.12/site-packages/fc_core-0.0.1-py3.12.egg-info
[0.523s] running install_scripts
[0.576s] Installing fc_controller script to /home/santi/mushroom_farm_ws/install/fc_core/bin
[0.576s] Installing fc_display script to /home/santi/mushroom_farm_ws/install/fc_core/bin
[0.576s] Installing fc_sensors script to /home/santi/mushroom_farm_ws/install/fc_core/bin
[0.576s] Installing fc_telemetry script to /home/santi/mushroom_farm_ws/install/fc_core/bin
[0.577s] writing list of installed files to '/home/santi/mushroom_farm_ws/build/fc_core/install.log'
[0.593s] Invoked command in '/home/santi/mushroom_farm_ws/src/chambers/fc-core' returned '0': PYTHONPATH=/home/santi/mushroom_farm_ws/build/fc_core/prefix_override:/usr/lib/python3/dist-packages/colcon_core/task/python/colcon_distutils_commands:/home/santi/mushroom_farm_ws/install/fc_core/lib/python3.12/site-packages:${PYTHONPATH} /usr/bin/python3 -W ignore:setup.py install is deprecated -W ignore:easy_install command is deprecated setup.py egg_info --egg-base ../../../build/fc_core build --build-base /home/santi/mushroom_farm_ws/build/fc_core/build install --record /home/santi/mushroom_farm_ws/build/fc_core/install.log --single-version-externally-managed install_data
