[0.375s] Invoking command in '/home/santi/mushroom_farm_ws/src/chambers/fc-core': PYTHONPATH=/home/santi/mushroom_farm_ws/build/fc_core/prefix_override:/usr/lib/python3/dist-packages/colcon_core/task/python/colcon_distutils_commands:/home/santi/mushroom_farm_ws/install/fc_core/lib/python3.12/site-packages: /usr/bin/python3 -W ignore:setup.py install is deprecated -W ignore:easy_install command is deprecated setup.py egg_info --egg-base ../../../build/fc_core build --build-base /home/santi/mushroom_farm_ws/build/fc_core/build install --record /home/santi/mushroom_farm_ws/build/fc_core/install.log --single-version-externally-managed install_data
[0.493s] running egg_info
[0.493s] creating ../../../build/fc_core/fc_core.egg-info
[0.498s] writing ../../../build/fc_core/fc_core.egg-info/PKG-INFO
[0.498s] writing dependency_links to ../../../build/fc_core/fc_core.egg-info/dependency_links.txt
[0.498s] writing entry points to ../../../build/fc_core/fc_core.egg-info/entry_points.txt
[0.498s] writing requirements to ../../../build/fc_core/fc_core.egg-info/requires.txt
[0.499s] writing top-level names to ../../../build/fc_core/fc_core.egg-info/top_level.txt
[0.499s] writing manifest file '../../../build/fc_core/fc_core.egg-info/SOURCES.txt'
[0.511s] reading manifest file '../../../build/fc_core/fc_core.egg-info/SOURCES.txt'
[0.512s] writing manifest file '../../../build/fc_core/fc_core.egg-info/SOURCES.txt'
[0.512s] running build
[0.512s] running build_py
[0.512s] creating /home/santi/mushroom_farm_ws/build/fc_core/build
[0.512s] creating /home/santi/mushroom_farm_ws/build/fc_core/build/lib
[0.512s] creating /home/santi/mushroom_farm_ws/build/fc_core/build/lib/fc_core
[0.513s] copying fc_core/fc_display.py -> /home/santi/mushroom_farm_ws/build/fc_core/build/lib/fc_core
[0.513s] copying fc_core/fc_controller.py -> /home/santi/mushroom_farm_ws/build/fc_core/build/lib/fc_core
[0.513s] copying fc_core/__init__.py -> /home/santi/mushroom_farm_ws/build/fc_core/build/lib/fc_core
[0.513s] copying fc_core/fc_sensors.py -> /home/santi/mushroom_farm_ws/build/fc_core/build/lib/fc_core
[0.513s] running install
[0.516s] running install_lib
[0.523s] creating /home/santi/mushroom_farm_ws/install/fc_core/lib/python3.12/site-packages/fc_core
[0.523s] copying /home/santi/mushroom_farm_ws/build/fc_core/build/lib/fc_core/fc_display.py -> /home/santi/mushroom_farm_ws/install/fc_core/lib/python3.12/site-packages/fc_core
[0.523s] copying /home/santi/mushroom_farm_ws/build/fc_core/build/lib/fc_core/fc_controller.py -> /home/santi/mushroom_farm_ws/install/fc_core/lib/python3.12/site-packages/fc_core
[0.523s] copying /home/santi/mushroom_farm_ws/build/fc_core/build/lib/fc_core/__init__.py -> /home/santi/mushroom_farm_ws/install/fc_core/lib/python3.12/site-packages/fc_core
[0.523s] copying /home/santi/mushroom_farm_ws/build/fc_core/build/lib/fc_core/fc_sensors.py -> /home/santi/mushroom_farm_ws/install/fc_core/lib/python3.12/site-packages/fc_core
[0.523s] byte-compiling /home/santi/mushroom_farm_ws/install/fc_core/lib/python3.12/site-packages/fc_core/fc_display.py to fc_display.cpython-312.pyc
[0.524s] byte-compiling /home/santi/mushroom_farm_ws/install/fc_core/lib/python3.12/site-packages/fc_core/fc_controller.py to fc_controller.cpython-312.pyc
[0.525s] byte-compiling /home/santi/mushroom_farm_ws/install/fc_core/lib/python3.12/site-packages/fc_core/__init__.py to __init__.cpython-312.pyc
[0.525s] byte-compiling /home/santi/mushroom_farm_ws/install/fc_core/lib/python3.12/site-packages/fc_core/fc_sensors.py to fc_sensors.cpython-312.pyc
[0.525s] running install_data
[0.525s] creating /home/santi/mushroom_farm_ws/install/fc_core/share/ament_index
[0.525s] creating /home/santi/mushroom_farm_ws/install/fc_core/share/ament_index/resource_index
[0.525s] creating /home/santi/mushroom_farm_ws/install/fc_core/share/ament_index/resource_index/packages
[0.525s] copying resource/fc_core -> /home/santi/mushroom_farm_ws/install/fc_core/share/ament_index/resource_index/packages
[0.525s] copying package.xml -> /home/santi/mushroom_farm_ws/install/fc_core/share/fc_core
[0.525s] creating /home/santi/mushroom_farm_ws/install/fc_core/share/fc_core/launch
[0.525s] copying launch/fc.launch.py -> /home/santi/mushroom_farm_ws/install/fc_core/share/fc_core/launch
[0.526s] creating /home/santi/mushroom_farm_ws/install/fc_core/share/fc_core/config
[0.526s] copying config/fc_config.yaml -> /home/santi/mushroom_farm_ws/install/fc_core/share/fc_core/config
[0.526s] running install_egg_info
[0.533s] Copying ../../../build/fc_core/fc_core.egg-info to /home/santi/mushroom_farm_ws/install/fc_core/lib/python3.12/site-packages/fc_core-0.0.1-py3.12.egg-info
[0.533s] running install_scripts
[0.589s] Installing fc_controller script to /home/santi/mushroom_farm_ws/install/fc_core/bin
[0.589s] Installing fc_display script to /home/santi/mushroom_farm_ws/install/fc_core/bin
[0.589s] Installing fc_sensors script to /home/santi/mushroom_farm_ws/install/fc_core/bin
[0.589s] writing list of installed files to '/home/santi/mushroom_farm_ws/build/fc_core/install.log'
[0.609s] Invoked command in '/home/santi/mushroom_farm_ws/src/chambers/fc-core' returned '0': PYTHONPATH=/home/santi/mushroom_farm_ws/build/fc_core/prefix_override:/usr/lib/python3/dist-packages/colcon_core/task/python/colcon_distutils_commands:/home/santi/mushroom_farm_ws/install/fc_core/lib/python3.12/site-packages: /usr/bin/python3 -W ignore:setup.py install is deprecated -W ignore:easy_install command is deprecated setup.py egg_info --egg-base ../../../build/fc_core build --build-base /home/santi/mushroom_farm_ws/build/fc_core/build install --record /home/santi/mushroom_farm_ws/build/fc_core/install.log --single-version-externally-managed install_data
