running egg_info
writing ../build/fc_core/fc_core.egg-info/PKG-INFO
writing dependency_links to ../build/fc_core/fc_core.egg-info/dependency_links.txt
writing entry points to ../build/fc_core/fc_core.egg-info/entry_points.txt
writing requirements to ../build/fc_core/fc_core.egg-info/requires.txt
writing top-level names to ../build/fc_core/fc_core.egg-info/top_level.txt
reading manifest file '../build/fc_core/fc_core.egg-info/SOURCES.txt'
writing manifest file '../build/fc_core/fc_core.egg-info/SOURCES.txt'
running build
running build_py
running install
running install_lib
running install_data
copying resource/fc_core -> /home/santi/mushroom_farm_ws/src/chambers/fc-core/install/fc_core/share/ament_index/resource_index/packages
copying package.xml -> /home/santi/mushroom_farm_ws/src/chambers/fc-core/install/fc_core/share/fc_core
creating /home/santi/mushroom_farm_ws/src/chambers/fc-core/install/fc_core/share/fc_core/launch
copying launch/fc.launch.py -> /home/santi/mushroom_farm_ws/src/chambers/fc-core/install/fc_core/share/fc_core/launch
creating /home/santi/mushroom_farm_ws/src/chambers/fc-core/install/fc_core/share/fc_core/config
copying config/fc_config.yaml -> /home/santi/mushroom_farm_ws/src/chambers/fc-core/install/fc_core/share/fc_core/config
running install_egg_info
Copying ../build/fc_core/fc_core.egg-info to /home/santi/mushroom_farm_ws/src/chambers/fc-core/install/fc_core/lib/python3.12/site-packages/fc_core-0.0.1-py3.12.egg-info
running install_scripts
Installing fc_controller script to /home/santi/mushroom_farm_ws/src/chambers/fc-core/install/fc_core/bin
Installing fc_display script to /home/santi/mushroom_farm_ws/src/chambers/fc-core/install/fc_core/bin
Installing fc_sensors script to /home/santi/mushroom_farm_ws/src/chambers/fc-core/install/fc_core/bin
writing list of installed files to '/home/santi/mushroom_farm_ws/src/chambers/fc-core/build/fc_core/install.log'
