[0.468s] Invoking command in '/home/santi/mushroom_farm_ws/src/chambers/fc-core/fc_core': PYTHONPATH=/home/santi/mushroom_farm_ws/src/chambers/fc-core/build/fc_core/prefix_override:/usr/lib/python3/dist-packages/colcon_core/task/python/colcon_distutils_commands:/home/santi/mushroom_farm_ws/src/chambers/fc-core/install/fc_core/lib/python3.12/site-packages: /usr/bin/python3 -W ignore:setup.py install is deprecated -W ignore:easy_install command is deprecated setup.py egg_info --egg-base ../build/fc_core build --build-base /home/santi/mushroom_farm_ws/src/chambers/fc-core/build/fc_core/build install --record /home/santi/mushroom_farm_ws/src/chambers/fc-core/build/fc_core/install.log --single-version-externally-managed install_data
[0.585s] running egg_info
[0.591s] writing ../build/fc_core/fc_core.egg-info/PKG-INFO
[0.591s] writing dependency_links to ../build/fc_core/fc_core.egg-info/dependency_links.txt
[0.591s] writing entry points to ../build/fc_core/fc_core.egg-info/entry_points.txt
[0.591s] writing requirements to ../build/fc_core/fc_core.egg-info/requires.txt
[0.591s] writing top-level names to ../build/fc_core/fc_core.egg-info/top_level.txt
[0.604s] reading manifest file '../build/fc_core/fc_core.egg-info/SOURCES.txt'
[0.604s] writing manifest file '../build/fc_core/fc_core.egg-info/SOURCES.txt'
[0.604s] running build
[0.604s] running build_py
[0.604s] running install
[0.608s] running install_lib
[0.616s] running install_data
[0.616s] copying resource/fc_core -> /home/santi/mushroom_farm_ws/src/chambers/fc-core/install/fc_core/share/ament_index/resource_index/packages
[0.616s] copying package.xml -> /home/santi/mushroom_farm_ws/src/chambers/fc-core/install/fc_core/share/fc_core
[0.616s] creating /home/santi/mushroom_farm_ws/src/chambers/fc-core/install/fc_core/share/fc_core/launch
[0.616s] copying launch/fc.launch.py -> /home/santi/mushroom_farm_ws/src/chambers/fc-core/install/fc_core/share/fc_core/launch
[0.616s] creating /home/santi/mushroom_farm_ws/src/chambers/fc-core/install/fc_core/share/fc_core/config
[0.616s] copying config/fc_config.yaml -> /home/santi/mushroom_farm_ws/src/chambers/fc-core/install/fc_core/share/fc_core/config
[0.616s] running install_egg_info
[0.623s] Copying ../build/fc_core/fc_core.egg-info to /home/santi/mushroom_farm_ws/src/chambers/fc-core/install/fc_core/lib/python3.12/site-packages/fc_core-0.0.1-py3.12.egg-info
[0.623s] running install_scripts
[0.687s] Installing fc_controller script to /home/santi/mushroom_farm_ws/src/chambers/fc-core/install/fc_core/bin
[0.687s] Installing fc_display script to /home/santi/mushroom_farm_ws/src/chambers/fc-core/install/fc_core/bin
[0.688s] Installing fc_sensors script to /home/santi/mushroom_farm_ws/src/chambers/fc-core/install/fc_core/bin
[0.688s] writing list of installed files to '/home/santi/mushroom_farm_ws/src/chambers/fc-core/build/fc_core/install.log'
[0.708s] Invoked command in '/home/santi/mushroom_farm_ws/src/chambers/fc-core/fc_core' returned '0': PYTHONPATH=/home/santi/mushroom_farm_ws/src/chambers/fc-core/build/fc_core/prefix_override:/usr/lib/python3/dist-packages/colcon_core/task/python/colcon_distutils_commands:/home/santi/mushroom_farm_ws/src/chambers/fc-core/install/fc_core/lib/python3.12/site-packages: /usr/bin/python3 -W ignore:setup.py install is deprecated -W ignore:easy_install command is deprecated setup.py egg_info --egg-base ../build/fc_core build --build-base /home/santi/mushroom_farm_ws/src/chambers/fc-core/build/fc_core/build install --record /home/santi/mushroom_farm_ws/src/chambers/fc-core/build/fc_core/install.log --single-version-externally-managed install_data
