[0.080s] DEBUG:colcon:Command line arguments: ['/usr/bin/colcon', 'build']
[0.080s] DEBUG:colcon:Parsed command line arguments: Namespace(log_base=None, log_level=None, verb_name='build', build_base='build', install_base='install', merge_install=False, symlink_install=False, test_result_base=None, continue_on_error=False, executor='parallel', parallel_workers=20, event_handlers=None, ignore_user_meta=False, metas=['./colcon.meta'], base_paths=['.'], packages_ignore=None, packages_ignore_regex=None, paths=None, packages_up_to=None, packages_up_to_regex=None, packages_above=None, packages_above_and_dependencies=None, packages_above_depth=None, packages_select_by_dep=None, packages_skip_by_dep=None, packages_skip_up_to=None, packages_select_build_failed=False, packages_skip_build_finished=False, packages_select_test_failures=False, packages_skip_test_passed=False, packages_select=None, packages_skip=None, packages_select_regex=None, packages_skip_regex=None, packages_start=None, packages_end=None, allow_overriding=[], cmake_args=None, cmake_target=None, cmake_target_skip_unavailable=False, cmake_clean_cache=False, cmake_clean_first=False, cmake_force_configure=False, ament_cmake_args=None, catkin_cmake_args=None, catkin_skip_building_tests=False, verb_parser=<colcon_defaults.argument_parser.defaults.DefaultArgumentsDecorator object at 0x73ca05e05e50>, verb_extension=<colcon_core.verb.build.BuildVerb object at 0x73ca069f3050>, main=<bound method BuildVerb.main of <colcon_core.verb.build.BuildVerb object at 0x73ca069f3050>>)
[0.111s] Level 1:colcon.colcon_core.package_discovery:discover_packages(colcon_meta) check parameters
[0.112s] Level 1:colcon.colcon_core.package_discovery:discover_packages(recursive) check parameters
[0.112s] Level 1:colcon.colcon_core.package_discovery:discover_packages(ignore) check parameters
[0.112s] Level 1:colcon.colcon_core.package_discovery:discover_packages(path) check parameters
[0.112s] Level 1:colcon.colcon_core.package_discovery:discover_packages(colcon_meta) discover
[0.112s] Level 1:colcon.colcon_core.package_discovery:discover_packages(recursive) discover
[0.112s] INFO:colcon.colcon_core.package_discovery:Crawling recursively for packages in '/home/santi/mushroom_farm_ws/src/chambers/fc-core'
[0.112s] Level 1:colcon.colcon_core.package_identification:_identify(.) by extensions ['ignore', 'ignore_ament_install']
[0.112s] Level 1:colcon.colcon_core.package_identification:_identify(.) by extension 'ignore'
[0.112s] Level 1:colcon.colcon_core.package_identification:_identify(.) by extension 'ignore_ament_install'
[0.112s] Level 1:colcon.colcon_core.package_identification:_identify(.) by extensions ['colcon_pkg']
[0.112s] Level 1:colcon.colcon_core.package_identification:_identify(.) by extension 'colcon_pkg'
[0.112s] Level 1:colcon.colcon_core.package_identification:_identify(.) by extensions ['colcon_meta']
[0.112s] Level 1:colcon.colcon_core.package_identification:_identify(.) by extension 'colcon_meta'
[0.112s] Level 1:colcon.colcon_core.package_identification:_identify(.) by extensions ['ros']
[0.112s] Level 1:colcon.colcon_core.package_identification:_identify(.) by extension 'ros'
[0.133s] Level 1:colcon.colcon_core.package_identification:_identify(.) by extensions ['cmake', 'python']
[0.133s] Level 1:colcon.colcon_core.package_identification:_identify(.) by extension 'cmake'
[0.133s] Level 1:colcon.colcon_core.package_identification:_identify(.) by extension 'python'
[0.133s] Level 1:colcon.colcon_core.package_identification:_identify(.) by extensions ['python_setup_py']
[0.133s] Level 1:colcon.colcon_core.package_identification:_identify(.) by extension 'python_setup_py'
[0.133s] Level 1:colcon.colcon_core.package_identification:_identify(build) by extensions ['ignore', 'ignore_ament_install']
[0.133s] Level 1:colcon.colcon_core.package_identification:_identify(build) by extension 'ignore'
[0.133s] Level 1:colcon.colcon_core.package_identification:_identify(build) ignored
[0.133s] Level 1:colcon.colcon_core.package_identification:_identify(fc_core) by extensions ['ignore', 'ignore_ament_install']
[0.133s] Level 1:colcon.colcon_core.package_identification:_identify(fc_core) by extension 'ignore'
[0.133s] Level 1:colcon.colcon_core.package_identification:_identify(fc_core) by extension 'ignore_ament_install'
[0.133s] Level 1:colcon.colcon_core.package_identification:_identify(fc_core) by extensions ['colcon_pkg']
[0.133s] Level 1:colcon.colcon_core.package_identification:_identify(fc_core) by extension 'colcon_pkg'
[0.133s] Level 1:colcon.colcon_core.package_identification:_identify(fc_core) by extensions ['colcon_meta']
[0.133s] Level 1:colcon.colcon_core.package_identification:_identify(fc_core) by extension 'colcon_meta'
[0.134s] Level 1:colcon.colcon_core.package_identification:_identify(fc_core) by extensions ['ros']
[0.134s] Level 1:colcon.colcon_core.package_identification:_identify(fc_core) by extension 'ros'
[0.136s] DEBUG:colcon.colcon_core.package_identification:Package 'fc_core' with type 'ros.ament_python' and name 'fc_core'
[0.136s] Level 1:colcon.colcon_core.package_identification:_identify(install) by extensions ['ignore', 'ignore_ament_install']
[0.136s] Level 1:colcon.colcon_core.package_identification:_identify(install) by extension 'ignore'
[0.136s] Level 1:colcon.colcon_core.package_identification:_identify(install) ignored
[0.136s] Level 1:colcon.colcon_core.package_identification:_identify(log) by extensions ['ignore', 'ignore_ament_install']
[0.136s] Level 1:colcon.colcon_core.package_identification:_identify(log) by extension 'ignore'
[0.136s] Level 1:colcon.colcon_core.package_identification:_identify(log) ignored
[0.136s] Level 1:colcon.colcon_core.package_discovery:discover_packages(recursive) using defaults
[0.136s] Level 1:colcon.colcon_core.package_discovery:discover_packages(ignore) discover
[0.136s] Level 1:colcon.colcon_core.package_discovery:discover_packages(ignore) using defaults
[0.136s] Level 1:colcon.colcon_core.package_discovery:discover_packages(path) discover
[0.136s] Level 1:colcon.colcon_core.package_discovery:discover_packages(path) using defaults
[0.158s] Level 1:colcon.colcon_core.package_discovery:discover_packages(prefix_path) check parameters
[0.158s] Level 1:colcon.colcon_core.package_discovery:discover_packages(prefix_path) discover
[0.159s] Level 1:colcon.colcon_core.package_discovery:discover_packages(prefix_path) using defaults
[0.160s] Level 5:colcon.colcon_core.verb:set package 'fc_core' build argument 'cmake_args' from command line to 'None'
[0.160s] Level 5:colcon.colcon_core.verb:set package 'fc_core' build argument 'cmake_target' from command line to 'None'
[0.160s] Level 5:colcon.colcon_core.verb:set package 'fc_core' build argument 'cmake_target_skip_unavailable' from command line to 'False'
[0.161s] Level 5:colcon.colcon_core.verb:set package 'fc_core' build argument 'cmake_clean_cache' from command line to 'False'
[0.161s] Level 5:colcon.colcon_core.verb:set package 'fc_core' build argument 'cmake_clean_first' from command line to 'False'
[0.161s] Level 5:colcon.colcon_core.verb:set package 'fc_core' build argument 'cmake_force_configure' from command line to 'False'
[0.161s] Level 5:colcon.colcon_core.verb:set package 'fc_core' build argument 'ament_cmake_args' from command line to 'None'
[0.161s] Level 5:colcon.colcon_core.verb:set package 'fc_core' build argument 'catkin_cmake_args' from command line to 'None'
[0.161s] Level 5:colcon.colcon_core.verb:set package 'fc_core' build argument 'catkin_skip_building_tests' from command line to 'False'
[0.161s] DEBUG:colcon.colcon_core.verb:Building package 'fc_core' with the following arguments: {'ament_cmake_args': None, 'build_base': '/home/santi/mushroom_farm_ws/src/chambers/fc-core/build/fc_core', 'catkin_cmake_args': None, 'catkin_skip_building_tests': False, 'cmake_args': None, 'cmake_clean_cache': False, 'cmake_clean_first': False, 'cmake_force_configure': False, 'cmake_target': None, 'cmake_target_skip_unavailable': False, 'install_base': '/home/santi/mushroom_farm_ws/src/chambers/fc-core/install/fc_core', 'merge_install': False, 'path': '/home/santi/mushroom_farm_ws/src/chambers/fc-core/fc_core', 'symlink_install': False, 'test_result_base': None}
[0.161s] INFO:colcon.colcon_core.executor:Executing jobs using 'parallel' executor
[0.162s] DEBUG:colcon.colcon_parallel_executor.executor.parallel:run_until_complete
[0.162s] INFO:colcon.colcon_ros.task.ament_python.build:Building ROS package in '/home/santi/mushroom_farm_ws/src/chambers/fc-core/fc_core' with build type 'ament_python'
[0.162s] Level 1:colcon.colcon_core.shell:create_environment_hook('fc_core', 'ament_prefix_path')
[0.164s] INFO:colcon.colcon_core.plugin_system:Skipping extension 'colcon_core.shell.bat': Not used on non-Windows systems
[0.165s] INFO:colcon.colcon_core.shell:Creating environment hook '/home/santi/mushroom_farm_ws/src/chambers/fc-core/install/fc_core/share/fc_core/hook/ament_prefix_path.ps1'
[0.165s] INFO:colcon.colcon_core.shell:Creating environment descriptor '/home/santi/mushroom_farm_ws/src/chambers/fc-core/install/fc_core/share/fc_core/hook/ament_prefix_path.dsv'
[0.166s] INFO:colcon.colcon_core.shell:Creating environment hook '/home/santi/mushroom_farm_ws/src/chambers/fc-core/install/fc_core/share/fc_core/hook/ament_prefix_path.sh'
[0.167s] INFO:colcon.colcon_core.shell:Skip shell extension 'powershell' for command environment: Not usable outside of PowerShell
[0.167s] DEBUG:colcon.colcon_core.shell:Skip shell extension 'dsv' for command environment
[0.350s] INFO:colcon.colcon_core.task.python.build:Building Python package in '/home/santi/mushroom_farm_ws/src/chambers/fc-core/fc_core'
[0.350s] INFO:colcon.colcon_core.shell:Skip shell extension 'powershell' for command environment: Not usable outside of PowerShell
[0.350s] DEBUG:colcon.colcon_core.shell:Skip shell extension 'dsv' for command environment
[0.630s] DEBUG:colcon.colcon_core.event_handler.log_command:Invoking command in '/home/santi/mushroom_farm_ws/src/chambers/fc-core/fc_core': PYTHONPATH=/home/santi/mushroom_farm_ws/src/chambers/fc-core/build/fc_core/prefix_override:/usr/lib/python3/dist-packages/colcon_core/task/python/colcon_distutils_commands:/home/santi/mushroom_farm_ws/src/chambers/fc-core/install/fc_core/lib/python3.12/site-packages: /usr/bin/python3 -W ignore:setup.py install is deprecated -W ignore:easy_install command is deprecated setup.py egg_info --egg-base ../build/fc_core build --build-base /home/santi/mushroom_farm_ws/src/chambers/fc-core/build/fc_core/build install --record /home/santi/mushroom_farm_ws/src/chambers/fc-core/build/fc_core/install.log --single-version-externally-managed install_data
[0.870s] DEBUG:colcon.colcon_core.event_handler.log_command:Invoked command in '/home/santi/mushroom_farm_ws/src/chambers/fc-core/fc_core' returned '0': PYTHONPATH=/home/santi/mushroom_farm_ws/src/chambers/fc-core/build/fc_core/prefix_override:/usr/lib/python3/dist-packages/colcon_core/task/python/colcon_distutils_commands:/home/santi/mushroom_farm_ws/src/chambers/fc-core/install/fc_core/lib/python3.12/site-packages: /usr/bin/python3 -W ignore:setup.py install is deprecated -W ignore:easy_install command is deprecated setup.py egg_info --egg-base ../build/fc_core build --build-base /home/santi/mushroom_farm_ws/src/chambers/fc-core/build/fc_core/build install --record /home/santi/mushroom_farm_ws/src/chambers/fc-core/build/fc_core/install.log --single-version-externally-managed install_data
[0.886s] Level 1:colcon.colcon_core.environment:checking '/home/santi/mushroom_farm_ws/src/chambers/fc-core/install/fc_core' for CMake module files
[0.886s] Level 1:colcon.colcon_core.environment:checking '/home/santi/mushroom_farm_ws/src/chambers/fc-core/install/fc_core' for CMake config files
[0.887s] Level 1:colcon.colcon_core.environment:checking '/home/santi/mushroom_farm_ws/src/chambers/fc-core/install/fc_core/lib'
[0.887s] Level 1:colcon.colcon_core.environment:checking '/home/santi/mushroom_farm_ws/src/chambers/fc-core/install/fc_core/bin'
[0.887s] Level 1:colcon.colcon_core.shell:create_environment_hook('fc_core', 'path')
[0.887s] INFO:colcon.colcon_core.shell:Creating environment hook '/home/santi/mushroom_farm_ws/src/chambers/fc-core/install/fc_core/share/fc_core/hook/path.ps1'
[0.888s] INFO:colcon.colcon_core.shell:Creating environment descriptor '/home/santi/mushroom_farm_ws/src/chambers/fc-core/install/fc_core/share/fc_core/hook/path.dsv'
[0.888s] INFO:colcon.colcon_core.shell:Creating environment hook '/home/santi/mushroom_farm_ws/src/chambers/fc-core/install/fc_core/share/fc_core/hook/path.sh'
[0.888s] Level 1:colcon.colcon_core.environment:checking '/home/santi/mushroom_farm_ws/src/chambers/fc-core/install/fc_core/lib/pkgconfig/fc_core.pc'
[0.888s] Level 1:colcon.colcon_core.environment:checking '/home/santi/mushroom_farm_ws/src/chambers/fc-core/install/fc_core/lib/python3.12/site-packages'
[0.888s] Level 1:colcon.colcon_core.shell:create_environment_hook('fc_core', 'pythonpath')
[0.888s] INFO:colcon.colcon_core.shell:Creating environment hook '/home/santi/mushroom_farm_ws/src/chambers/fc-core/install/fc_core/share/fc_core/hook/pythonpath.ps1'
[0.888s] INFO:colcon.colcon_core.shell:Creating environment descriptor '/home/santi/mushroom_farm_ws/src/chambers/fc-core/install/fc_core/share/fc_core/hook/pythonpath.dsv'
[0.889s] INFO:colcon.colcon_core.shell:Creating environment hook '/home/santi/mushroom_farm_ws/src/chambers/fc-core/install/fc_core/share/fc_core/hook/pythonpath.sh'
[0.889s] Level 1:colcon.colcon_core.environment:checking '/home/santi/mushroom_farm_ws/src/chambers/fc-core/install/fc_core/bin'
[0.889s] Level 1:colcon.colcon_core.shell:create_environment_hook('fc_core', 'pythonscriptspath')
[0.889s] INFO:colcon.colcon_core.shell:Creating environment hook '/home/santi/mushroom_farm_ws/src/chambers/fc-core/install/fc_core/share/fc_core/hook/pythonscriptspath.ps1'
[0.889s] INFO:colcon.colcon_core.shell:Creating environment descriptor '/home/santi/mushroom_farm_ws/src/chambers/fc-core/install/fc_core/share/fc_core/hook/pythonscriptspath.dsv'
[0.890s] INFO:colcon.colcon_core.shell:Creating environment hook '/home/santi/mushroom_farm_ws/src/chambers/fc-core/install/fc_core/share/fc_core/hook/pythonscriptspath.sh'
[0.890s] Level 1:colcon.colcon_core.environment:create_environment_scripts_only(fc_core)
[0.890s] INFO:colcon.colcon_core.shell:Creating package script '/home/santi/mushroom_farm_ws/src/chambers/fc-core/install/fc_core/share/fc_core/package.ps1'
[0.899s] INFO:colcon.colcon_core.shell:Creating package descriptor '/home/santi/mushroom_farm_ws/src/chambers/fc-core/install/fc_core/share/fc_core/package.dsv'
[0.900s] INFO:colcon.colcon_core.shell:Creating package script '/home/santi/mushroom_farm_ws/src/chambers/fc-core/install/fc_core/share/fc_core/package.sh'
[0.901s] INFO:colcon.colcon_core.shell:Creating package script '/home/santi/mushroom_farm_ws/src/chambers/fc-core/install/fc_core/share/fc_core/package.bash'
[0.902s] INFO:colcon.colcon_core.shell:Creating package script '/home/santi/mushroom_farm_ws/src/chambers/fc-core/install/fc_core/share/fc_core/package.zsh'
[0.903s] Level 1:colcon.colcon_core.environment:create_file_with_runtime_dependencies(/home/santi/mushroom_farm_ws/src/chambers/fc-core/install/fc_core/share/colcon-core/packages/fc_core)
[0.904s] DEBUG:colcon.colcon_parallel_executor.executor.parallel:closing loop
[0.904s] DEBUG:colcon.colcon_parallel_executor.executor.parallel:loop closed
[0.904s] DEBUG:colcon.colcon_parallel_executor.executor.parallel:run_until_complete finished with '0'
[0.904s] DEBUG:colcon.colcon_core.event_reactor:joining thread
[0.911s] INFO:colcon.colcon_core.plugin_system:Skipping extension 'colcon_notification.desktop_notification.terminal_notifier': Not used on non-Darwin systems
[0.911s] INFO:colcon.colcon_core.plugin_system:Skipping extension 'colcon_notification.desktop_notification.win32': Not used on non-Windows systems
[0.911s] INFO:colcon.colcon_notification.desktop_notification:Sending desktop notification using 'notify2'
[0.923s] DEBUG:colcon.colcon_core.event_reactor:joined thread
[0.923s] INFO:colcon.colcon_core.shell:Creating prefix script '/home/santi/mushroom_farm_ws/src/chambers/fc-core/install/local_setup.ps1'
[0.924s] INFO:colcon.colcon_core.shell:Creating prefix util module '/home/santi/mushroom_farm_ws/src/chambers/fc-core/install/_local_setup_util_ps1.py'
[0.925s] INFO:colcon.colcon_core.shell:Creating prefix chain script '/home/santi/mushroom_farm_ws/src/chambers/fc-core/install/setup.ps1'
[0.925s] INFO:colcon.colcon_core.shell:Creating prefix script '/home/santi/mushroom_farm_ws/src/chambers/fc-core/install/local_setup.sh'
[0.926s] INFO:colcon.colcon_core.shell:Creating prefix util module '/home/santi/mushroom_farm_ws/src/chambers/fc-core/install/_local_setup_util_sh.py'
[0.926s] INFO:colcon.colcon_core.shell:Creating prefix chain script '/home/santi/mushroom_farm_ws/src/chambers/fc-core/install/setup.sh'
[0.926s] INFO:colcon.colcon_core.shell:Creating prefix script '/home/santi/mushroom_farm_ws/src/chambers/fc-core/install/local_setup.bash'
[0.927s] INFO:colcon.colcon_core.shell:Creating prefix chain script '/home/santi/mushroom_farm_ws/src/chambers/fc-core/install/setup.bash'
[0.927s] INFO:colcon.colcon_core.shell:Creating prefix script '/home/santi/mushroom_farm_ws/src/chambers/fc-core/install/local_setup.zsh'
[0.928s] INFO:colcon.colcon_core.shell:Creating prefix chain script '/home/santi/mushroom_farm_ws/src/chambers/fc-core/install/setup.zsh'
